2025-09-22 08:18:54,140 - StumbleBot - INFO - ==================================================
2025-09-22 08:18:54,140 - StumbleBot - INFO - Starting Stumble Bot Application
2025-09-22 08:18:54,140 - StumbleBot - INFO - ==================================================
2025-09-22 08:18:54,140 - StumbleBot - INFO - Python version: 3.13.5 (tags/v3.13.5:6cb20a2, Jun 11 2025, 16:15:46) [MSC v.1943 64 bit (AMD64)]
2025-09-22 08:18:54,141 - StumbleBot - INFO - Platform: win32
2025-09-22 08:18:54,142 - StumbleBot - INFO - Directory structure verified
2025-09-22 08:18:54,142 - StumbleBot - INFO - Initializing application...
2025-09-22 08:18:55,034 - StumbleBot - INFO - Starting GUI...
2025-09-22 08:19:48,561 - StumbleBot - INFO - Application closed normally
2025-09-22 08:19:53,338 - StumbleBot - INFO - ==================================================
2025-09-22 08:19:53,339 - StumbleBot - INFO - Starting Stumble Bot Application
2025-09-22 08:19:53,340 - StumbleBot - INFO - ==================================================
2025-09-22 08:19:53,341 - StumbleBot - INFO - Python version: 3.13.5 (tags/v3.13.5:6cb20a2, Jun 11 2025, 16:15:46) [MSC v.1943 64 bit (AMD64)]
2025-09-22 08:19:53,341 - StumbleBot - INFO - Platform: win32
2025-09-22 08:19:53,342 - StumbleBot - INFO - Directory structure verified
2025-09-22 08:19:53,342 - StumbleBot - INFO - Initializing application...
2025-09-22 08:19:53,971 - StumbleBot - INFO - Starting GUI...
2025-09-22 08:40:23,594 - StumbleBot - INFO - Application interrupted by user
2025-09-22 08:43:15,988 - StumbleBot - INFO - ==================================================
2025-09-22 08:43:15,988 - StumbleBot - INFO - Starting Stumble Bot Application
2025-09-22 08:43:15,989 - StumbleBot - INFO - ==================================================
2025-09-22 08:43:15,989 - StumbleBot - INFO - Python version: 3.13.5 (tags/v3.13.5:6cb20a2, Jun 11 2025, 16:15:46) [MSC v.1943 64 bit (AMD64)]
2025-09-22 08:43:15,989 - StumbleBot - INFO - Platform: win32
2025-09-22 08:43:15,989 - StumbleBot - INFO - Directory structure verified
2025-09-22 08:43:15,990 - StumbleBot - INFO - Initializing application...
2025-09-22 08:43:16,651 - StumbleBot - INFO - Starting GUI...
2025-09-22 08:48:36,125 - StumbleBot - INFO - Application interrupted by user
2025-09-22 08:52:45,028 - StumbleBot - INFO - ==================================================
2025-09-22 08:52:45,029 - StumbleBot - INFO - Starting Stumble Bot Application
2025-09-22 08:52:45,030 - StumbleBot - INFO - ==================================================
2025-09-22 08:52:45,030 - StumbleBot - INFO - Python version: 3.13.5 (tags/v3.13.5:6cb20a2, Jun 11 2025, 16:15:46) [MSC v.1943 64 bit (AMD64)]
2025-09-22 08:52:45,030 - StumbleBot - INFO - Platform: win32
2025-09-22 08:52:45,031 - StumbleBot - INFO - Directory structure verified
2025-09-22 08:52:45,031 - StumbleBot - INFO - Initializing application...
2025-09-22 08:52:45,898 - StumbleBot - INFO - Starting GUI...
2025-09-22 08:52:56,071 - StumbleBot - INFO - Application closed normally
2025-09-22 08:52:58,730 - StumbleBot - INFO - ==================================================
2025-09-22 08:52:58,730 - StumbleBot - INFO - Starting Stumble Bot Application
2025-09-22 08:52:58,730 - StumbleBot - INFO - ==================================================
2025-09-22 08:52:58,731 - StumbleBot - INFO - Python version: 3.13.5 (tags/v3.13.5:6cb20a2, Jun 11 2025, 16:15:46) [MSC v.1943 64 bit (AMD64)]
2025-09-22 08:52:58,731 - StumbleBot - INFO - Platform: win32
2025-09-22 08:52:58,732 - StumbleBot - INFO - Directory structure verified
2025-09-22 08:52:58,732 - StumbleBot - INFO - Initializing application...
2025-09-22 08:52:59,332 - StumbleBot - INFO - Starting GUI...
2025-09-22 08:53:06,813 - StumbleBot - INFO - Application closed normally
2025-09-22 09:02:48,331 - StumbleBot - INFO - ==================================================
2025-09-22 09:02:48,331 - StumbleBot - INFO - Starting Stumble Bot Application
2025-09-22 09:02:48,331 - StumbleBot - INFO - ==================================================
2025-09-22 09:02:48,332 - StumbleBot - INFO - Python version: 3.13.5 (tags/v3.13.5:6cb20a2, Jun 11 2025, 16:15:46) [MSC v.1943 64 bit (AMD64)]
2025-09-22 09:02:48,332 - StumbleBot - INFO - Platform: win32
2025-09-22 09:02:48,333 - StumbleBot - INFO - Directory structure verified
2025-09-22 09:02:48,334 - StumbleBot - INFO - Initializing application...
2025-09-22 09:02:49,158 - StumbleBot - INFO - Starting GUI...
2025-09-22 09:05:54,374 - StumbleBot - INFO - Application closed normally
2025-09-22 09:10:28,481 - StumbleBot - INFO - ==================================================
2025-09-22 09:10:28,481 - StumbleBot - INFO - Starting Stumble Bot Application
2025-09-22 09:10:28,481 - StumbleBot - INFO - ==================================================
2025-09-22 09:10:28,481 - StumbleBot - INFO - Python version: 3.13.5 (tags/v3.13.5:6cb20a2, Jun 11 2025, 16:15:46) [MSC v.1943 64 bit (AMD64)]
2025-09-22 09:10:28,481 - StumbleBot - INFO - Platform: win32
2025-09-22 09:10:28,482 - StumbleBot - INFO - Directory structure verified
2025-09-22 09:10:28,482 - StumbleBot - INFO - Initializing application...
2025-09-22 09:10:29,375 - StumbleBot - INFO - Starting GUI...
2025-09-22 09:20:55,203 - StumbleBot - INFO - Application interrupted by user
2025-09-22 09:28:06,255 - StumbleBot - INFO - ==================================================
2025-09-22 09:28:06,256 - StumbleBot - INFO - Starting Stumble Bot Application
2025-09-22 09:28:06,256 - StumbleBot - INFO - ==================================================
2025-09-22 09:28:06,256 - StumbleBot - INFO - Python version: 3.13.5 (tags/v3.13.5:6cb20a2, Jun 11 2025, 16:15:46) [MSC v.1943 64 bit (AMD64)]
2025-09-22 09:28:06,257 - StumbleBot - INFO - Platform: win32
2025-09-22 09:28:06,258 - StumbleBot - INFO - Directory structure verified
2025-09-22 09:28:06,258 - StumbleBot - INFO - Initializing application...
2025-09-22 09:28:07,820 - StumbleBot - INFO - Starting GUI...
2025-09-22 10:17:50,142 - StumbleBot - INFO - Application interrupted by user
2025-09-22 10:46:06,348 - StumbleBot - INFO - ==================================================
2025-09-22 10:46:06,348 - StumbleBot - INFO - Starting Stumble Bot Application
2025-09-22 10:46:06,348 - StumbleBot - INFO - ==================================================
2025-09-22 10:46:06,348 - StumbleBot - INFO - Python version: 3.13.5 (tags/v3.13.5:6cb20a2, Jun 11 2025, 16:15:46) [MSC v.1943 64 bit (AMD64)]
2025-09-22 10:46:06,349 - StumbleBot - INFO - Platform: win32
2025-09-22 10:46:06,349 - StumbleBot - INFO - Directory structure verified
2025-09-22 10:46:06,349 - StumbleBot - INFO - Initializing application...
2025-09-22 10:46:07,211 - StumbleBot - INFO - Starting GUI...
2025-09-22 11:52:33,262 - StumbleBot - INFO - Application closed normally
2025-09-22 11:53:37,794 - StumbleBot - INFO - ==================================================
2025-09-22 11:53:37,795 - StumbleBot - INFO - Starting Stumble Bot Application
2025-09-22 11:53:37,795 - StumbleBot - INFO - ==================================================
2025-09-22 11:53:37,795 - StumbleBot - INFO - Python version: 3.13.5 (tags/v3.13.5:6cb20a2, Jun 11 2025, 16:15:46) [MSC v.1943 64 bit (AMD64)]
2025-09-22 11:53:37,795 - StumbleBot - INFO - Platform: win32
2025-09-22 11:53:37,796 - StumbleBot - INFO - Directory structure verified
2025-09-22 11:53:37,796 - StumbleBot - INFO - Initializing application...
2025-09-22 11:53:42,107 - StumbleBot - INFO - Starting GUI...
2025-09-22 11:55:27,055 - StumbleBot - INFO - Application closed normally
2025-09-22 11:55:33,367 - StumbleBot - INFO - ==================================================
2025-09-22 11:55:33,368 - StumbleBot - INFO - Starting Stumble Bot Application
2025-09-22 11:55:33,368 - StumbleBot - INFO - ==================================================
2025-09-22 11:55:33,368 - StumbleBot - INFO - Python version: 3.13.5 (tags/v3.13.5:6cb20a2, Jun 11 2025, 16:15:46) [MSC v.1943 64 bit (AMD64)]
2025-09-22 11:55:33,368 - StumbleBot - INFO - Platform: win32
2025-09-22 11:55:33,369 - StumbleBot - INFO - Directory structure verified
2025-09-22 11:55:33,369 - StumbleBot - INFO - Initializing application...
2025-09-22 11:55:34,120 - StumbleBot - INFO - Starting GUI...
2025-09-22 11:55:41,936 - StumbleBot - INFO - Application closed normally
2025-09-22 12:08:57,653 - StumbleBot - INFO - ==================================================
2025-09-22 12:08:57,654 - StumbleBot - INFO - Starting Stumble Bot Application
2025-09-22 12:08:57,654 - StumbleBot - INFO - ==================================================
2025-09-22 12:08:57,654 - StumbleBot - INFO - Python version: 3.13.5 (tags/v3.13.5:6cb20a2, Jun 11 2025, 16:15:46) [MSC v.1943 64 bit (AMD64)]
2025-09-22 12:08:57,654 - StumbleBot - INFO - Platform: win32
2025-09-22 12:08:57,655 - StumbleBot - INFO - Directory structure verified
2025-09-22 12:08:57,655 - StumbleBot - INFO - Initializing application...
2025-09-22 12:08:58,594 - StumbleBot - INFO - Starting GUI...
2025-09-22 12:16:02,334 - StumbleBot - INFO - Application closed normally
2025-09-22 12:37:24,137 - StumbleBot - INFO - ==================================================
2025-09-22 12:37:24,138 - StumbleBot - INFO - Starting Stumble Bot Application
2025-09-22 12:37:24,138 - StumbleBot - INFO - ==================================================
2025-09-22 12:37:24,138 - StumbleBot - INFO - Python version: 3.12.7 (tags/v3.12.7:0b05ead, Oct  1 2024, 03:06:41) [MSC v.1941 64 bit (AMD64)]
2025-09-22 12:37:24,138 - StumbleBot - INFO - Platform: win32
2025-09-22 12:37:24,139 - StumbleBot - INFO - Directory structure verified
2025-09-22 12:37:24,139 - StumbleBot - INFO - Initializing application...
2025-09-22 12:37:24,901 - StumbleBot - INFO - Starting GUI...
2025-09-22 14:07:20,378 - StumbleBot - INFO - Application closed normally
2025-09-22 14:09:14,206 - StumbleBot - INFO - ==================================================
2025-09-22 14:09:14,207 - StumbleBot - INFO - Starting Stumble Bot Application
2025-09-22 14:09:14,207 - StumbleBot - INFO - ==================================================
2025-09-22 14:09:14,207 - StumbleBot - INFO - Python version: 3.12.7 (tags/v3.12.7:0b05ead, Oct  1 2024, 03:06:41) [MSC v.1941 64 bit (AMD64)]
2025-09-22 14:09:14,207 - StumbleBot - INFO - Platform: win32
2025-09-22 14:09:14,208 - StumbleBot - INFO - Directory structure verified
2025-09-22 14:09:14,208 - StumbleBot - INFO - Initializing application...
2025-09-22 14:09:15,358 - StumbleBot - INFO - Starting GUI...
2025-09-22 14:56:06,714 - StumbleBot - INFO - Application interrupted by user
2025-09-22 14:56:23,067 - StumbleBot - INFO - ==================================================
2025-09-22 14:56:23,069 - StumbleBot - INFO - Starting Stumble Bot Application
2025-09-22 14:56:23,069 - StumbleBot - INFO - ==================================================
2025-09-22 14:56:23,069 - StumbleBot - INFO - Python version: 3.12.7 (tags/v3.12.7:0b05ead, Oct  1 2024, 03:06:41) [MSC v.1941 64 bit (AMD64)]
2025-09-22 14:56:23,069 - StumbleBot - INFO - Platform: win32
2025-09-22 14:56:23,070 - StumbleBot - INFO - Directory structure verified
2025-09-22 14:56:23,070 - StumbleBot - INFO - Initializing application...
2025-09-22 14:56:24,085 - StumbleBot - INFO - Starting GUI...
2025-09-22 15:04:25,799 - StumbleBot - INFO - Application closed normally
2025-09-22 15:04:49,087 - StumbleBot - INFO - ==================================================
2025-09-22 15:04:49,088 - StumbleBot - INFO - Starting Stumble Bot Application
2025-09-22 15:04:49,088 - StumbleBot - INFO - ==================================================
2025-09-22 15:04:49,088 - StumbleBot - INFO - Python version: 3.12.7 (tags/v3.12.7:0b05ead, Oct  1 2024, 03:06:41) [MSC v.1941 64 bit (AMD64)]
2025-09-22 15:04:49,088 - StumbleBot - INFO - Platform: win32
2025-09-22 15:04:49,089 - StumbleBot - INFO - Directory structure verified
2025-09-22 15:04:49,089 - StumbleBot - INFO - Initializing application...
2025-09-22 15:04:49,966 - StumbleBot - INFO - Starting GUI...
2025-09-22 15:40:01,525 - StumbleBot - INFO - Application closed normally
2025-09-22 15:40:12,232 - StumbleBot - INFO - ==================================================
2025-09-22 15:40:12,233 - StumbleBot - INFO - Starting Stumble Bot Application
2025-09-22 15:40:12,233 - StumbleBot - INFO - ==================================================
2025-09-22 15:40:12,233 - StumbleBot - INFO - Python version: 3.12.7 (tags/v3.12.7:0b05ead, Oct  1 2024, 03:06:41) [MSC v.1941 64 bit (AMD64)]
2025-09-22 15:40:12,233 - StumbleBot - INFO - Platform: win32
2025-09-22 15:40:12,234 - StumbleBot - INFO - Directory structure verified
2025-09-22 15:40:12,234 - StumbleBot - INFO - Initializing application...
2025-09-22 15:40:13,974 - StumbleBot - INFO - Starting GUI...
2025-09-22 15:41:43,900 - StumbleBot - INFO - Application closed normally
2025-09-22 15:41:48,729 - StumbleBot - INFO - ==================================================
2025-09-22 15:41:48,729 - StumbleBot - INFO - Starting Stumble Bot Application
2025-09-22 15:41:48,729 - StumbleBot - INFO - ==================================================
2025-09-22 15:41:48,729 - StumbleBot - INFO - Python version: 3.12.7 (tags/v3.12.7:0b05ead, Oct  1 2024, 03:06:41) [MSC v.1941 64 bit (AMD64)]
2025-09-22 15:41:48,729 - StumbleBot - INFO - Platform: win32
2025-09-22 15:41:48,730 - StumbleBot - INFO - Directory structure verified
2025-09-22 15:41:48,730 - StumbleBot - INFO - Initializing application...
2025-09-22 15:41:50,011 - StumbleBot - INFO - Starting GUI...
2025-09-22 15:44:54,513 - StumbleBot - INFO - Application interrupted by user
2025-09-22 15:45:26,428 - StumbleBot - INFO - ==================================================
2025-09-22 15:45:26,429 - StumbleBot - INFO - Starting Stumble Bot Application
2025-09-22 15:45:26,429 - StumbleBot - INFO - ==================================================
2025-09-22 15:45:26,429 - StumbleBot - INFO - Python version: 3.12.7 (tags/v3.12.7:0b05ead, Oct  1 2024, 03:06:41) [MSC v.1941 64 bit (AMD64)]
2025-09-22 15:45:26,429 - StumbleBot - INFO - Platform: win32
2025-09-22 15:45:26,430 - StumbleBot - INFO - Directory structure verified
2025-09-22 15:45:26,430 - StumbleBot - INFO - Initializing application...
2025-09-22 15:45:27,690 - StumbleBot - INFO - Starting GUI...
2025-09-22 16:11:02,840 - StumbleBot - INFO - Application interrupted by user
2025-09-22 16:11:15,368 - StumbleBot - INFO - ==================================================
2025-09-22 16:11:15,369 - StumbleBot - INFO - Starting Stumble Bot Application
2025-09-22 16:11:15,369 - StumbleBot - INFO - ==================================================
2025-09-22 16:11:15,369 - StumbleBot - INFO - Python version: 3.12.7 (tags/v3.12.7:0b05ead, Oct  1 2024, 03:06:41) [MSC v.1941 64 bit (AMD64)]
2025-09-22 16:11:15,369 - StumbleBot - INFO - Platform: win32
2025-09-22 16:11:15,370 - StumbleBot - INFO - Directory structure verified
2025-09-22 16:11:15,371 - StumbleBot - INFO - Initializing application...
2025-09-22 16:11:16,758 - StumbleBot - INFO - Starting GUI...
2025-09-22 16:16:31,265 - StumbleBot - INFO - Application interrupted by user
2025-09-22 16:16:34,410 - StumbleBot - INFO - ==================================================
2025-09-22 16:16:34,412 - StumbleBot - INFO - Starting Stumble Bot Application
2025-09-22 16:16:34,413 - StumbleBot - INFO - ==================================================
2025-09-22 16:16:34,413 - StumbleBot - INFO - Python version: 3.12.7 (tags/v3.12.7:0b05ead, Oct  1 2024, 03:06:41) [MSC v.1941 64 bit (AMD64)]
2025-09-22 16:16:34,413 - StumbleBot - INFO - Platform: win32
2025-09-22 16:16:34,414 - StumbleBot - INFO - Directory structure verified
2025-09-22 16:16:34,415 - StumbleBot - INFO - Initializing application...
2025-09-22 16:16:35,278 - StumbleBot - INFO - Starting GUI...
2025-09-22 17:30:46,595 - StumbleBot - INFO - Application interrupted by user
2025-09-22 17:34:14,346 - StumbleBot - INFO - ==================================================
2025-09-22 17:34:14,346 - StumbleBot - INFO - Starting Stumble Bot Application
2025-09-22 17:34:14,346 - StumbleBot - INFO - ==================================================
2025-09-22 17:34:14,347 - StumbleBot - INFO - Python version: 3.12.7 (tags/v3.12.7:0b05ead, Oct  1 2024, 03:06:41) [MSC v.1941 64 bit (AMD64)]
2025-09-22 17:34:14,347 - StumbleBot - INFO - Platform: win32
2025-09-22 17:34:14,347 - StumbleBot - INFO - Directory structure verified
2025-09-22 17:34:14,347 - StumbleBot - INFO - Initializing application...
2025-09-22 17:34:15,817 - StumbleBot - INFO - Starting GUI...
2025-09-22 17:34:38,719 - StumbleBot - INFO - Application closed normally
2025-09-22 17:34:41,211 - StumbleBot - INFO - ==================================================
2025-09-22 17:34:41,211 - StumbleBot - INFO - Starting Stumble Bot Application
2025-09-22 17:34:41,211 - StumbleBot - INFO - ==================================================
2025-09-22 17:34:41,212 - StumbleBot - INFO - Python version: 3.12.7 (tags/v3.12.7:0b05ead, Oct  1 2024, 03:06:41) [MSC v.1941 64 bit (AMD64)]
2025-09-22 17:34:41,212 - StumbleBot - INFO - Platform: win32
2025-09-22 17:34:41,212 - StumbleBot - INFO - Directory structure verified
2025-09-22 17:34:41,213 - StumbleBot - INFO - Initializing application...
2025-09-22 17:34:41,930 - StumbleBot - INFO - Starting GUI...
2025-09-22 17:34:58,727 - StumbleBot - INFO - Application interrupted by user
2025-09-22 17:38:17,714 - StumbleBot - INFO - ==================================================
2025-09-22 17:38:17,714 - StumbleBot - INFO - Starting Stumble Bot Application
2025-09-22 17:38:17,715 - StumbleBot - INFO - ==================================================
2025-09-22 17:38:17,715 - StumbleBot - INFO - Python version: 3.12.7 (tags/v3.12.7:0b05ead, Oct  1 2024, 03:06:41) [MSC v.1941 64 bit (AMD64)]
2025-09-22 17:38:17,715 - StumbleBot - INFO - Platform: win32
2025-09-22 17:38:17,716 - StumbleBot - INFO - Directory structure verified
2025-09-22 17:38:17,716 - StumbleBot - INFO - Initializing application...
2025-09-22 17:38:18,836 - StumbleBot - INFO - Starting GUI...
2025-09-22 17:51:00,402 - StumbleBot - INFO - Application closed normally
2025-09-22 17:51:08,052 - StumbleBot - INFO - ==================================================
2025-09-22 17:51:08,052 - StumbleBot - INFO - Starting Stumble Bot Application
2025-09-22 17:51:08,052 - StumbleBot - INFO - ==================================================
2025-09-22 17:51:08,052 - StumbleBot - INFO - Python version: 3.12.7 (tags/v3.12.7:0b05ead, Oct  1 2024, 03:06:41) [MSC v.1941 64 bit (AMD64)]
2025-09-22 17:51:08,053 - StumbleBot - INFO - Platform: win32
2025-09-22 17:51:08,053 - StumbleBot - INFO - Directory structure verified
2025-09-22 17:51:08,054 - StumbleBot - INFO - Initializing application...
2025-09-22 17:51:09,447 - StumbleBot - INFO - Starting GUI...
2025-09-22 18:14:46,839 - StumbleBot - INFO - Application closed normally
2025-09-22 18:14:50,406 - StumbleBot - INFO - ==================================================
2025-09-22 18:14:50,407 - StumbleBot - INFO - Starting Stumble Bot Application
2025-09-22 18:14:50,407 - StumbleBot - INFO - ==================================================
2025-09-22 18:14:50,407 - StumbleBot - INFO - Python version: 3.12.7 (tags/v3.12.7:0b05ead, Oct  1 2024, 03:06:41) [MSC v.1941 64 bit (AMD64)]
2025-09-22 18:14:50,407 - StumbleBot - INFO - Platform: win32
2025-09-22 18:14:50,408 - StumbleBot - INFO - Directory structure verified
2025-09-22 18:14:50,408 - StumbleBot - INFO - Initializing application...
2025-09-22 18:14:51,769 - StumbleBot - INFO - Starting GUI...
2025-09-22 18:19:29,470 - StumbleBot - INFO - Application closed normally
2025-09-22 18:19:52,924 - StumbleBot - INFO - ==================================================
2025-09-22 18:19:52,924 - StumbleBot - INFO - Starting Stumble Bot Application
2025-09-22 18:19:52,924 - StumbleBot - INFO - ==================================================
2025-09-22 18:19:52,924 - StumbleBot - INFO - Python version: 3.12.7 (tags/v3.12.7:0b05ead, Oct  1 2024, 03:06:41) [MSC v.1941 64 bit (AMD64)]
2025-09-22 18:19:52,925 - StumbleBot - INFO - Platform: win32
2025-09-22 18:19:52,926 - StumbleBot - INFO - Directory structure verified
2025-09-22 18:19:52,926 - StumbleBot - INFO - Initializing application...
2025-09-22 18:19:54,054 - StumbleBot - INFO - Starting GUI...
2025-09-22 18:27:22,051 - StumbleBot - INFO - Application interrupted by user
2025-09-22 18:28:10,819 - StumbleBot - INFO - ==================================================
2025-09-22 18:28:10,819 - StumbleBot - INFO - Starting Stumble Bot Application
2025-09-22 18:28:10,819 - StumbleBot - INFO - ==================================================
2025-09-22 18:28:10,819 - StumbleBot - INFO - Python version: 3.12.7 (tags/v3.12.7:0b05ead, Oct  1 2024, 03:06:41) [MSC v.1941 64 bit (AMD64)]
2025-09-22 18:28:10,820 - StumbleBot - INFO - Platform: win32
2025-09-22 18:28:10,821 - StumbleBot - INFO - Directory structure verified
2025-09-22 18:28:10,821 - StumbleBot - INFO - Initializing application...
2025-09-22 18:28:11,870 - StumbleBot - INFO - Starting GUI...
2025-09-22 18:31:22,856 - StumbleBot - INFO - Application interrupted by user
2025-09-22 18:32:16,396 - StumbleBot - INFO - ==================================================
2025-09-22 18:32:16,397 - StumbleBot - INFO - Starting Stumble Bot Application
2025-09-22 18:32:16,397 - StumbleBot - INFO - ==================================================
2025-09-22 18:32:16,398 - StumbleBot - INFO - Python version: 3.12.7 (tags/v3.12.7:0b05ead, Oct  1 2024, 03:06:41) [MSC v.1941 64 bit (AMD64)]
2025-09-22 18:32:16,398 - StumbleBot - INFO - Platform: win32
2025-09-22 18:32:16,399 - StumbleBot - INFO - Directory structure verified
2025-09-22 18:32:16,399 - StumbleBot - INFO - Initializing application...
2025-09-22 18:32:17,442 - StumbleBot - INFO - Starting GUI...
2025-09-22 18:33:21,465 - StumbleBot - INFO - Application interrupted by user
2025-09-22 18:33:24,631 - StumbleBot - INFO - ==================================================
2025-09-22 18:33:24,631 - StumbleBot - INFO - Starting Stumble Bot Application
2025-09-22 18:33:24,631 - StumbleBot - INFO - ==================================================
2025-09-22 18:33:24,631 - StumbleBot - INFO - Python version: 3.12.7 (tags/v3.12.7:0b05ead, Oct  1 2024, 03:06:41) [MSC v.1941 64 bit (AMD64)]
2025-09-22 18:33:24,631 - StumbleBot - INFO - Platform: win32
2025-09-22 18:33:24,632 - StumbleBot - INFO - Directory structure verified
2025-09-22 18:33:24,632 - StumbleBot - INFO - Initializing application...
2025-09-22 18:33:25,519 - StumbleBot - INFO - Starting GUI...
2025-09-22 18:33:56,140 - StumbleBot - INFO - Application interrupted by user
2025-09-22 18:33:58,156 - StumbleBot - INFO - ==================================================
2025-09-22 18:33:58,157 - StumbleBot - INFO - Starting Stumble Bot Application
2025-09-22 18:33:58,157 - StumbleBot - INFO - ==================================================
2025-09-22 18:33:58,157 - StumbleBot - INFO - Python version: 3.12.7 (tags/v3.12.7:0b05ead, Oct  1 2024, 03:06:41) [MSC v.1941 64 bit (AMD64)]
2025-09-22 18:33:58,157 - StumbleBot - INFO - Platform: win32
2025-09-22 18:33:58,157 - StumbleBot - INFO - Directory structure verified
2025-09-22 18:33:58,157 - StumbleBot - INFO - Initializing application...
2025-09-22 18:33:59,663 - StumbleBot - INFO - Starting GUI...
2025-09-22 18:34:30,823 - StumbleBot - INFO - Application interrupted by user
2025-09-22 18:37:09,694 - StumbleBot - INFO - ==================================================
2025-09-22 18:37:09,696 - StumbleBot - INFO - Starting Stumble Bot Application
2025-09-22 18:37:09,700 - StumbleBot - INFO - ==================================================
2025-09-22 18:37:09,702 - StumbleBot - INFO - Python version: 3.12.7 (tags/v3.12.7:0b05ead, Oct  1 2024, 03:06:41) [MSC v.1941 64 bit (AMD64)]
2025-09-22 18:37:09,703 - StumbleBot - INFO - Platform: win32
2025-09-22 18:37:09,704 - StumbleBot - INFO - Directory structure verified
2025-09-22 18:37:09,704 - StumbleBot - INFO - Initializing application...
2025-09-22 18:37:11,413 - StumbleBot - INFO - Starting GUI...
2025-09-22 18:48:08,607 - StumbleBot - INFO - Application interrupted by user
2025-09-22 18:48:10,613 - StumbleBot - INFO - ==================================================
2025-09-22 18:48:10,614 - StumbleBot - INFO - Starting Stumble Bot Application
2025-09-22 18:48:10,614 - StumbleBot - INFO - ==================================================
2025-09-22 18:48:10,614 - StumbleBot - INFO - Python version: 3.12.7 (tags/v3.12.7:0b05ead, Oct  1 2024, 03:06:41) [MSC v.1941 64 bit (AMD64)]
2025-09-22 18:48:10,614 - StumbleBot - INFO - Platform: win32
2025-09-22 18:48:10,615 - StumbleBot - INFO - Directory structure verified
2025-09-22 18:48:10,615 - StumbleBot - INFO - Initializing application...
2025-09-22 18:48:11,608 - StumbleBot - INFO - Starting GUI...
2025-09-22 18:48:19,566 - StumbleBot - INFO - Application closed normally
2025-09-22 18:51:02,740 - StumbleBot - INFO - ==================================================
2025-09-22 18:51:02,741 - StumbleBot - INFO - Starting Stumble Bot Application
2025-09-22 18:51:02,741 - StumbleBot - INFO - ==================================================
2025-09-22 18:51:02,741 - StumbleBot - INFO - Python version: 3.12.7 (tags/v3.12.7:0b05ead, Oct  1 2024, 03:06:41) [MSC v.1941 64 bit (AMD64)]
2025-09-22 18:51:02,742 - StumbleBot - INFO - Platform: win32
2025-09-22 18:51:02,742 - StumbleBot - INFO - Directory structure verified
2025-09-22 18:51:02,742 - StumbleBot - INFO - Initializing application...
2025-09-22 18:51:03,848 - StumbleBot - INFO - Starting GUI...
2025-09-22 18:56:15,847 - StumbleBot - INFO - Application interrupted by user
2025-09-22 18:56:47,518 - StumbleBot - INFO - ==================================================
2025-09-22 18:56:47,518 - StumbleBot - INFO - Starting Stumble Bot Application
2025-09-22 18:56:47,518 - StumbleBot - INFO - ==================================================
2025-09-22 18:56:47,518 - StumbleBot - INFO - Python version: 3.12.7 (tags/v3.12.7:0b05ead, Oct  1 2024, 03:06:41) [MSC v.1941 64 bit (AMD64)]
2025-09-22 18:56:47,518 - StumbleBot - INFO - Platform: win32
2025-09-22 18:56:47,519 - StumbleBot - INFO - Directory structure verified
2025-09-22 18:56:47,519 - StumbleBot - INFO - Initializing application...
2025-09-22 18:56:49,101 - StumbleBot - INFO - Starting GUI...
2025-09-22 19:02:28,052 - StumbleBot - INFO - Application closed normally
2025-09-22 19:11:32,055 - StumbleBot - INFO - ==================================================
2025-09-22 19:11:32,055 - StumbleBot - INFO - Starting Stumble Bot Application
2025-09-22 19:11:32,055 - StumbleBot - INFO - ==================================================
2025-09-22 19:11:32,055 - StumbleBot - INFO - Python version: 3.12.7 (tags/v3.12.7:0b05ead, Oct  1 2024, 03:06:41) [MSC v.1941 64 bit (AMD64)]
2025-09-22 19:11:32,055 - StumbleBot - INFO - Platform: win32
2025-09-22 19:11:32,056 - StumbleBot - INFO - Directory structure verified
2025-09-22 19:11:32,056 - StumbleBot - INFO - Initializing application...
2025-09-22 19:11:35,686 - StumbleBot - INFO - Starting GUI...
2025-09-22 23:15:05,807 - StumbleBot - INFO - Application closed normally
2025-09-22 23:15:14,744 - StumbleBot - INFO - ==================================================
2025-09-22 23:15:14,744 - StumbleBot - INFO - Starting Stumble Bot Application
2025-09-22 23:15:14,744 - StumbleBot - INFO - ==================================================
2025-09-22 23:15:14,745 - StumbleBot - INFO - Python version: 3.12.7 (tags/v3.12.7:0b05ead, Oct  1 2024, 03:06:41) [MSC v.1941 64 bit (AMD64)]
2025-09-22 23:15:14,745 - StumbleBot - INFO - Platform: win32
2025-09-22 23:15:14,746 - StumbleBot - INFO - Directory structure verified
2025-09-22 23:15:14,746 - StumbleBot - INFO - Initializing application...
2025-09-22 23:15:16,234 - StumbleBot - INFO - Starting GUI...
2025-09-22 23:43:23,659 - StumbleBot - INFO - Application closed normally
2025-09-22 23:47:25,291 - StumbleBot - INFO - ==================================================
2025-09-22 23:47:25,292 - StumbleBot - INFO - Starting Stumble Bot Application
2025-09-22 23:47:25,292 - StumbleBot - INFO - ==================================================
2025-09-22 23:47:25,292 - StumbleBot - INFO - Python version: 3.12.7 (tags/v3.12.7:0b05ead, Oct  1 2024, 03:06:41) [MSC v.1941 64 bit (AMD64)]
2025-09-22 23:47:25,292 - StumbleBot - INFO - Platform: win32
2025-09-22 23:47:25,293 - StumbleBot - INFO - Directory structure verified
2025-09-22 23:47:25,293 - StumbleBot - INFO - Initializing application...
2025-09-22 23:47:26,735 - StumbleBot - INFO - Starting GUI...
2025-09-22 23:49:16,918 - StumbleBot - INFO - Application interrupted by user
2025-09-22 23:54:43,695 - StumbleBot - INFO - ==================================================
2025-09-22 23:54:43,695 - StumbleBot - INFO - Starting Stumble Bot Application
2025-09-22 23:54:43,695 - StumbleBot - INFO - ==================================================
2025-09-22 23:54:43,696 - StumbleBot - INFO - Python version: 3.12.7 (tags/v3.12.7:0b05ead, Oct  1 2024, 03:06:41) [MSC v.1941 64 bit (AMD64)]
2025-09-22 23:54:43,696 - StumbleBot - INFO - Platform: win32
2025-09-22 23:54:43,696 - StumbleBot - INFO - Directory structure verified
2025-09-22 23:54:43,697 - StumbleBot - INFO - Initializing application...
2025-09-22 23:54:44,911 - StumbleBot - INFO - Starting GUI...
2025-09-23 00:24:59,493 - StumbleBot - INFO - Application closed normally
2025-09-23 00:25:02,444 - StumbleBot - INFO - ==================================================
2025-09-23 00:25:02,444 - StumbleBot - INFO - Starting Stumble Bot Application
2025-09-23 00:25:02,444 - StumbleBot - INFO - ==================================================
2025-09-23 00:25:02,444 - StumbleBot - INFO - Python version: 3.12.7 (tags/v3.12.7:0b05ead, Oct  1 2024, 03:06:41) [MSC v.1941 64 bit (AMD64)]
2025-09-23 00:25:02,444 - StumbleBot - INFO - Platform: win32
2025-09-23 00:25:02,447 - StumbleBot - INFO - Directory structure verified
2025-09-23 00:25:02,447 - StumbleBot - INFO - Initializing application...
2025-09-23 00:25:03,669 - StumbleBot - INFO - Starting GUI...
2025-09-23 00:27:44,593 - StumbleBot - INFO - Application closed normally
2025-09-23 09:32:01,584 - StumbleBot - INFO - ==================================================
2025-09-23 09:32:01,586 - StumbleBot - INFO - Starting Stumble Bot Application
2025-09-23 09:32:01,587 - StumbleBot - INFO - ==================================================
2025-09-23 09:32:01,588 - StumbleBot - INFO - Python version: 3.13.5 (tags/v3.13.5:6cb20a2, Jun 11 2025, 16:15:46) [MSC v.1943 64 bit (AMD64)]
2025-09-23 09:32:01,591 - StumbleBot - INFO - Platform: win32
2025-09-23 09:32:01,596 - StumbleBot - INFO - Directory structure verified
2025-09-23 09:32:01,597 - StumbleBot - INFO - Initializing application...
2025-09-23 09:32:09,061 - StumbleBot - INFO - Starting GUI...
2025-09-23 09:32:15,975 - StumbleBot - INFO - Application closed normally
2025-09-23 10:41:25,846 - StumbleBot - INFO - ==================================================
2025-09-23 10:41:25,848 - StumbleBot - INFO - Starting Stumble Bot Application
2025-09-23 10:41:25,848 - StumbleBot - INFO - ==================================================
2025-09-23 10:41:25,849 - StumbleBot - INFO - Python version: 3.13.5 (tags/v3.13.5:6cb20a2, Jun 11 2025, 16:15:46) [MSC v.1943 64 bit (AMD64)]
2025-09-23 10:41:25,849 - StumbleBot - INFO - Platform: win32
2025-09-23 10:41:25,851 - StumbleBot - INFO - Directory structure verified
2025-09-23 10:41:25,852 - StumbleBot - INFO - Initializing application...
2025-09-23 10:41:27,790 - StumbleBot - INFO - Starting GUI...
2025-09-23 10:41:53,659 - StumbleBot - INFO - Application closed normally
2025-09-23 11:07:12,531 - StumbleBot - INFO - ==================================================
2025-09-23 11:07:12,532 - StumbleBot - INFO - Starting Stumble Bot Application
2025-09-23 11:07:12,544 - StumbleBot - INFO - ==================================================
2025-09-23 11:07:12,546 - StumbleBot - INFO - Python version: 3.13.5 (tags/v3.13.5:6cb20a2, Jun 11 2025, 16:15:46) [MSC v.1943 64 bit (AMD64)]
2025-09-23 11:07:12,547 - StumbleBot - INFO - Platform: win32
2025-09-23 11:07:12,548 - StumbleBot - INFO - Directory structure verified
2025-09-23 11:07:12,558 - StumbleBot - INFO - Initializing application...
2025-09-23 11:07:13,994 - StumbleBot - INFO - Starting GUI...
2025-09-23 11:07:35,804 - StumbleBot - INFO - Application closed normally
2025-09-23 11:07:39,861 - StumbleBot - INFO - ==================================================
2025-09-23 11:07:39,861 - StumbleBot - INFO - Starting Stumble Bot Application
2025-09-23 11:07:39,862 - StumbleBot - INFO - ==================================================
2025-09-23 11:07:39,862 - StumbleBot - INFO - Python version: 3.13.5 (tags/v3.13.5:6cb20a2, Jun 11 2025, 16:15:46) [MSC v.1943 64 bit (AMD64)]
2025-09-23 11:07:39,863 - StumbleBot - INFO - Platform: win32
2025-09-23 11:07:39,864 - StumbleBot - INFO - Directory structure verified
2025-09-23 11:07:39,866 - StumbleBot - INFO - Initializing application...
2025-09-23 11:07:41,365 - StumbleBot - INFO - Starting GUI...
2025-09-23 11:07:45,571 - StumbleBot - INFO - Application closed normally
